Archive member included to satisfy reference by file (symbol)

d:/d2/imt sdk/imt sdk/imt_sdk_win_64/imt_sdk_win_64/winarm/armgcc/bin/../lib/gcc/arm-none-eabi/7.2.1/../../../../arm-none-eabi/lib/thumb/v7e-m\libg_nano.a(lib_a-errno.o)
                              ./system/src/newlib/_sbrk.o (__errno)
d:/d2/imt sdk/imt sdk/imt_sdk_win_64/imt_sdk_win_64/winarm/armgcc/bin/../lib/gcc/arm-none-eabi/7.2.1/../../../../arm-none-eabi/lib/thumb/v7e-m\libg_nano.a(lib_a-impure.o)
                              d:/d2/imt sdk/imt sdk/imt_sdk_win_64/imt_sdk_win_64/winarm/armgcc/bin/../lib/gcc/arm-none-eabi/7.2.1/../../../../arm-none-eabi/lib/thumb/v7e-m\libg_nano.a(lib_a-errno.o) (_impure_ptr)
d:/d2/imt sdk/imt sdk/imt_sdk_win_64/imt_sdk_win_64/winarm/armgcc/bin/../lib/gcc/arm-none-eabi/7.2.1/../../../../arm-none-eabi/lib/thumb/v7e-m\libg_nano.a(lib_a-strlen.o)
                              ./system/src/diag/Trace.o (strlen)
d:/d2/imt sdk/imt sdk/imt_sdk_win_64/imt_sdk_win_64/winarm/armgcc/bin/../lib/gcc/arm-none-eabi/7.2.1/../../../../arm-none-eabi/lib/thumb/v7e-m\libg_nano.a(lib_a-vsnprintf.o)
                              ./system/src/diag/Trace.o (vsnprintf)
d:/d2/imt sdk/imt sdk/imt_sdk_win_64/imt_sdk_win_64/winarm/armgcc/bin/../lib/gcc/arm-none-eabi/7.2.1/../../../../arm-none-eabi/lib/thumb/v7e-m\libg_nano.a(lib_a-nano-svfprintf.o)
                              d:/d2/imt sdk/imt sdk/imt_sdk_win_64/imt_sdk_win_64/winarm/armgcc/bin/../lib/gcc/arm-none-eabi/7.2.1/../../../../arm-none-eabi/lib/thumb/v7e-m\libg_nano.a(lib_a-vsnprintf.o) (_svfprintf_r)
d:/d2/imt sdk/imt sdk/imt_sdk_win_64/imt_sdk_win_64/winarm/armgcc/bin/../lib/gcc/arm-none-eabi/7.2.1/../../../../arm-none-eabi/lib/thumb/v7e-m\libg_nano.a(lib_a-nano-vfprintf_i.o)
                              d:/d2/imt sdk/imt sdk/imt_sdk_win_64/imt_sdk_win_64/winarm/armgcc/bin/../lib/gcc/arm-none-eabi/7.2.1/../../../../arm-none-eabi/lib/thumb/v7e-m\libg_nano.a(lib_a-nano-svfprintf.o) (_printf_i)
d:/d2/imt sdk/imt sdk/imt_sdk_win_64/imt_sdk_win_64/winarm/armgcc/bin/../lib/gcc/arm-none-eabi/7.2.1/../../../../arm-none-eabi/lib/thumb/v7e-m\libg_nano.a(lib_a-memchr.o)
                              d:/d2/imt sdk/imt sdk/imt_sdk_win_64/imt_sdk_win_64/winarm/armgcc/bin/../lib/gcc/arm-none-eabi/7.2.1/../../../../arm-none-eabi/lib/thumb/v7e-m\libg_nano.a(lib_a-nano-svfprintf.o) (memchr)
d:/d2/imt sdk/imt sdk/imt_sdk_win_64/imt_sdk_win_64/winarm/armgcc/bin/../lib/gcc/arm-none-eabi/7.2.1/../../../../arm-none-eabi/lib/thumb/v7e-m\libg_nano.a(lib_a-memcpy-stub.o)
                              d:/d2/imt sdk/imt sdk/imt_sdk_win_64/imt_sdk_win_64/winarm/armgcc/bin/../lib/gcc/arm-none-eabi/7.2.1/../../../../arm-none-eabi/lib/thumb/v7e-m\libg_nano.a(lib_a-nano-svfprintf.o) (memcpy)
d:/d2/imt sdk/imt sdk/imt_sdk_win_64/imt_sdk_win_64/winarm/armgcc/bin/../lib/gcc/arm-none-eabi/7.2.1/../../../../arm-none-eabi/lib/thumb/v7e-m\libg_nano.a(lib_a-memmove.o)
                              d:/d2/imt sdk/imt sdk/imt_sdk_win_64/imt_sdk_win_64/winarm/armgcc/bin/../lib/gcc/arm-none-eabi/7.2.1/../../../../arm-none-eabi/lib/thumb/v7e-m\libg_nano.a(lib_a-nano-svfprintf.o) (memmove)
d:/d2/imt sdk/imt sdk/imt_sdk_win_64/imt_sdk_win_64/winarm/armgcc/bin/../lib/gcc/arm-none-eabi/7.2.1/../../../../arm-none-eabi/lib/thumb/v7e-m\libg_nano.a(lib_a-nano-freer.o)
                              d:/d2/imt sdk/imt sdk/imt_sdk_win_64/imt_sdk_win_64/winarm/armgcc/bin/../lib/gcc/arm-none-eabi/7.2.1/../../../../arm-none-eabi/lib/thumb/v7e-m\libg_nano.a(lib_a-nano-svfprintf.o) (_free_r)
d:/d2/imt sdk/imt sdk/imt_sdk_win_64/imt_sdk_win_64/winarm/armgcc/bin/../lib/gcc/arm-none-eabi/7.2.1/../../../../arm-none-eabi/lib/thumb/v7e-m\libg_nano.a(lib_a-nano-mallocr.o)
                              d:/d2/imt sdk/imt sdk/imt_sdk_win_64/imt_sdk_win_64/winarm/armgcc/bin/../lib/gcc/arm-none-eabi/7.2.1/../../../../arm-none-eabi/lib/thumb/v7e-m\libg_nano.a(lib_a-nano-svfprintf.o) (_malloc_r)
d:/d2/imt sdk/imt sdk/imt_sdk_win_64/imt_sdk_win_64/winarm/armgcc/bin/../lib/gcc/arm-none-eabi/7.2.1/../../../../arm-none-eabi/lib/thumb/v7e-m\libg_nano.a(lib_a-nano-reallocr.o)
                              d:/d2/imt sdk/imt sdk/imt_sdk_win_64/imt_sdk_win_64/winarm/armgcc/bin/../lib/gcc/arm-none-eabi/7.2.1/../../../../arm-none-eabi/lib/thumb/v7e-m\libg_nano.a(lib_a-nano-svfprintf.o) (_realloc_r)
d:/d2/imt sdk/imt sdk/imt_sdk_win_64/imt_sdk_win_64/winarm/armgcc/bin/../lib/gcc/arm-none-eabi/7.2.1/../../../../arm-none-eabi/lib/thumb/v7e-m\libg_nano.a(lib_a-sbrkr.o)
                              d:/d2/imt sdk/imt sdk/imt_sdk_win_64/imt_sdk_win_64/winarm/armgcc/bin/../lib/gcc/arm-none-eabi/7.2.1/../../../../arm-none-eabi/lib/thumb/v7e-m\libg_nano.a(lib_a-nano-mallocr.o) (_sbrk_r)
d:/d2/imt sdk/imt sdk/imt_sdk_win_64/imt_sdk_win_64/winarm/armgcc/bin/../lib/gcc/arm-none-eabi/7.2.1/../../../../arm-none-eabi/lib/thumb/v7e-m\libg_nano.a(lib_a-mlock.o)
[...]
Memory Configuration

Name             Origin             Length             Attributes
RAM              0x20000000         0x00010000         xrw
CCMRAM           0x10000000         0x00000000         xrw
FLASH            0x08000000         0x00040000         xr
FLASHB1          0x00000000         0x00000000         xr
EXTMEMB0         0x00000000         0x00000000         xr
EXTMEMB1         0x00000000         0x00000000         xr
EXTMEMB2         0x00000000         0x00000000         xr
EXTMEMB3         0x00000000         0x00000000         xr
*default*        0x00000000         0xffffffff

Linker script and memory map

LOAD ./system/src/stm32f4-hal/stm32f4xx_hal.o
LOAD ./system/src/stm32f4-hal/stm32f4xx_hal_cortex.o
LOAD ./system/src/stm32f4-hal/stm32f4xx_hal_dfsdm.o
LOAD ./system/src/stm32f4-hal/stm32f4xx_hal_flash.o
LOAD ./system/src/stm32f4-hal/stm32f4xx_hal_gpio.o
LOAD ./system/src/stm32f4-hal/stm32f4xx_hal_iwdg.o
LOAD ./system/src/stm32f4-hal/stm32f4xx_hal_pwr.o
LOAD ./system/src/stm32f4-hal/stm32f4xx_hal_rcc.o
LOAD ./system/src/newlib/_cxx.o
LOAD ./system/src/newlib/_exit.o
LOAD ./system/src/newlib/_sbrk.o
LOAD ./system/src/newlib/_startup.o
LOAD ./system/src/newlib/_syscalls.o
LOAD ./system/src/newlib/assert.o
LOAD ./system/src/diag/Trace.o
LOAD ./system/src/diag/trace_impl.o
LOAD ./system/src/cortexm/_initialize_hardware.o
LOAD ./system/src/cortexm/_reset_hardware.o
LOAD ./system/src/cortexm/exception_handlers.o
LOAD ./system/src/cmsis/system_stm32f4xx.o
LOAD ./system/src/cmsis/vectors_stm32f401xc.o
LOAD ./src/MCAL/MDMA_program.o
LOAD ./src/MCAL/MEXTI_program.o
LOAD ./src/MCAL/MFMI_program.o
LOAD ./src/MCAL/MGPIO_program.o
LOAD ./src/MCAL/MNVIC_program.o
LOAD ./src/MCAL/MRCC_program.o
LOAD ./src/MCAL/MSPI_program.o
LOAD ./src/MCAL/MSTK_program.o
LOAD ./src/MCAL/MUART_program.o
LOAD ./src/HAL/HTFT_program.o
LOAD ./src/APP/HexParser/AHexParser_prg.o
LOAD ./src/APP/main_Project_Transmitter.o
LOAD d:/d2/imt sdk/imt sdk/imt_sdk_win_64/imt_sdk_win_64/winarm/armgcc/bin/../lib/gcc/arm-none-eabi/7.2.1/../../../../arm-none-eabi/lib/thumb/v7e-m\libstdc++_nano.a
LOAD d:/d2/imt sdk/imt sdk/imt_sdk_win_64/imt_sdk_win_64/winarm/armgcc/bin/../lib/gcc/arm-none-eabi/7.2.1/../../../../arm-none-eabi/lib/thumb/v7e-m\libm.a
START GROUP
LOAD d:/d2/imt sdk/imt sdk/imt_sdk_win_64/imt_sdk_win_64/winarm/armgcc/bin/../lib/gcc/arm-none-eabi/7.2.1/thumb/v7e-m\libgcc.a
LOAD d:/d2/imt sdk/imt sdk/imt_sdk_win_64/imt_sdk_win_64/winarm/armgcc/bin/../lib/gcc/arm-none-eabi/7.2.1/../../../../arm-none-eabi/lib/thumb/v7e-m\libg_nano.a
LOAD d:/d2/imt sdk/imt sdk/imt_sdk_win_64/imt_sdk_win_64/winarm/armgcc/bin/../lib/gcc/arm-none-eabi/7.2.1/../../../../arm-none-eabi/lib/thumb/v7e-m\libc_nano.a
END GROUP
START GROUP
LOAD d:/d2/imt sdk/imt sdk/imt_sdk_win_64/imt_sdk_win_64/winarm/armgcc/bin/../lib/gcc/arm-none-eabi/7.2.1/thumb/v7e-m\libgcc.a
LOAD d:/d2/imt sdk/imt sdk/imt_sdk_win_64/imt_sdk_win_64/winarm/armgcc/bin/../lib/gcc/arm-none-eabi/7.2.1/../../../../arm-none-eabi/lib/thumb/v7e-m\libc_nano.a
END GROUP
                0x20010000                __stack = (ORIGIN (RAM) + LENGTH (RAM))
                0x20010000                _estack = __stack
                0x00000400                __Main_Stack_Size = 0x400
                [!provide]                PROVIDE (_Main_Stack_Size, __Main_Stack_Size)
                0x2000fc00                __Main_Stack_Limit = (__stack - __Main_Stack_Size)
                [!provide]                PROVIDE (_Main_Stack_Limit, __Main_Stack_Limit)
                0x00000100                _Minimum_Stack_Size = 0x100
                0x20000b10                PROVIDE (_Heap_Begin, _end_noinit)
                0x2000fc00                PROVIDE (_Heap_Limit, (__stack - __Main_Stack_Size))

.isr_vector     0x08000000      0x3f4
 FILL mask 0xff
                0x08000000                __vectors_start = ABSOLUTE (.)
                0x08000000                __vectors_start__ = ABSOLUTE (.)
 *(.isr_vector)
 .isr_vector    0x08000000      0x194 ./system/src/cmsis/vectors_stm32f401xc.o
                0x08000000                __isr_vectors
 *(.cfmconfig)
 *(.after_vectors .after_vectors.*)
 .after_vectors
                0x08000194      0x130 ./system/src/newlib/_startup.o
                0x08000194                _start
 .after_vectors
                0x080002c4      0x12c ./system/src/cortexm/exception_handlers.o
                0x080002c4                Reset_Handler
                0x080002ca                NMI_Handler
                0x080002ce                HardFault_Handler
                0x080002e2                HardFault_Handler_C
                0x08000340                MemManage_Handler
                0x08000344                BusFault_Handler
                0x08000358                BusFault_Handler_C
                0x0800038c                UsageFault_Handler
                0x080003a0                UsageFault_Handler_C
                0x080003d4                SVC_Handler
                0x080003d8                DebugMon_Handler
                0x080003dc                PendSV_Handler
 .after_vectors
                0x080003f0        0x4 ./system/src/cmsis/vectors_stm32f401xc.o
                0x080003f0                RTC_Alarm_IRQHandler
                0x080003f0                SPI4_IRQHandler
                0x080003f0                TIM1_CC_IRQHandler
                0x080003f0                DMA1_Stream5_IRQHandler
                0x080003f0                PVD_IRQHandler
                0x080003f0                SDIO_IRQHandler
                0x080003f0                TAMP_STAMP_IRQHandler
                0x080003f0                TIM1_UP_TIM10_IRQHandler
                0x080003f0                I2C3_ER_IRQHandler
                0x080003f0                I2C2_EV_IRQHandler
                0x080003f0                DMA1_Stream2_IRQHandler
                0x080003f0                FPU_IRQHandler
                0x080003f0                DMA2_Stream2_IRQHandler
                0x080003f0                SPI1_IRQHandler
                0x080003f0                TIM1_BRK_TIM9_IRQHandler
                0x080003f0                DMA2_Stream3_IRQHandler
                0x080003f0                USART6_IRQHandler
                0x080003f0                DMA2_Stream0_IRQHandler
                0x080003f0                TIM4_IRQHandler
                0x080003f0                I2C1_EV_IRQHandler
                0x080003f0                DMA1_Stream6_IRQHandler
                0x080003f0                DMA1_Stream1_IRQHandler
                0x080003f0                TIM3_IRQHandler
                0x080003f0                RCC_IRQHandler
                0x080003f0                Default_Handler
                0x080003f0                ADC_IRQHandler
                0x080003f0                DMA1_Stream7_IRQHandler
                0x080003f0                TIM5_IRQHandler
                0x080003f0                DMA2_Stream7_IRQHandler
                0x080003f0                I2C3_EV_IRQHandler
                0x080003f0                RTC_WKUP_IRQHandler
                0x080003f0                SPI2_IRQHandler
                0x080003f0                DMA1_Stream0_IRQHandler
                0x080003f0                WWDG_IRQHandler
                0x080003f0                TIM2_IRQHandler
                0x080003f0                OTG_FS_WKUP_IRQHandler
                0x080003f0                TIM1_TRG_COM_TIM11_IRQHandler
                0x080003f0                USART2_IRQHandler
                0x080003f0                I2C2_ER_IRQHandler
                0x080003f0                DMA2_Stream1_IRQHandler
                0x080003f0                FLASH_IRQHandler
                0x080003f0                DMA2_Stream4_IRQHandler
                0x080003f0                USART1_IRQHandler
                0x080003f0                OTG_FS_IRQHandler
                0x080003f0                SPI3_IRQHandler
                0x080003f0                DMA1_Stream4_IRQHandler
                0x080003f0                I2C1_ER_IRQHandler
                0x080003f0                DMA2_Stream6_IRQHandler
                0x080003f0                DMA1_Stream3_IRQHandler

.inits          0x080003f4       0x28
                0x080003f4                __data_regions_array_start = .
                0x080003f4        0x4 LONG 0x80086cc LOADADDR (.data)
                0x080003f8        0x4 LONG 0x20000000 ADDR (.data)
                0x080003fc        0x4 LONG 0x20000a0c (ADDR (.data) + SIZEOF (.data))
                0x08000400        0x4 LONG 0x80086cc LOADADDR (.data_CCMRAM)
                0x08000404        0x4 LONG 0x10000000 ADDR (.data_CCMRAM)
                0x08000408        0x4 LONG 0x10000000 (ADDR (.data_CCMRAM) + SIZEOF (.data_CCMRAM))
                0x0800040c                __data_regions_array_end = .
                0x0800040c                __bss_regions_array_start = .
                0x0800040c        0x4 LONG 0x20000a0c ADDR (.bss)
                0x08000410        0x4 LONG 0x20000b10 (ADDR (.bss) + SIZEOF (.bss))
                0x08000414        0x4 LONG 0x10000000 ADDR (.bss_CCMRAM)
                0x08000418        0x4 LONG 0x10000000 (ADDR (.bss_CCMRAM) + SIZEOF (.bss_CCMRAM))
                0x0800041c                __bss_regions_array_end = .
 *(.init)
 *(.fini)
                0x0800041c                . = ALIGN (0x4)
                0x0800041c                PROVIDE (__preinit_array_start, .)
 *(.preinit_array_sysinit .preinit_array_sysinit.*)
 *(.preinit_array_platform .preinit_array_platform.*)
 *(.preinit_array .preinit_array.*)
                0x0800041c                PROVIDE (__preinit_array_end, .)
                0x0800041c                . = ALIGN (0x4)
                0x0800041c                PROVIDE (__init_array_start, .)
 *(SORT_BY_NAME(.init_array.*))
 *(.init_array)
                0x0800041c                PROVIDE (__init_array_end, .)
                0x0800041c                . = ALIGN (0x4)
                0x0800041c                PROVIDE (__fini_array_start, .)
 *(SORT_BY_NAME(.fini_array.*))
 *(.fini_array)
                0x0800041c                PROVIDE (__fini_array_end, .)

.flashtext
 *(.flashtext .flashtext.*)

.text           0x08000420     0x82ab
 *(.text .text.*)
 .text._exit    0x08000420        0x2 ./system/src/newlib/_exit.o
                0x08000420                _exit
 *fill*         0x08000422        0x2 
 .text._sbrk    0x08000424       0x44 ./system/src/newlib/_sbrk.o
                0x08000424                _sbrk
 .text.__initialize_args
                0x08000468       0x10 ./system/src/newlib/_syscalls.o
                0x08000468                __initialize_args
 .text.trace_printf
                0x08000478       0x30 ./system/src/diag/Trace.o
                0x08000478                trace_printf
 .text._trace_write_semihosting_debug
                0x080004a8       0x60 ./system/src/diag/trace_impl.o
 .text.trace_write
                0x08000508        0x8 ./system/src/diag/trace_impl.o
                0x08000508                trace_write
 .text.__initialize_hardware_early
                0x08000510       0x18 ./system/src/cortexm/_initialize_hardware.o
                0x08000510                __initialize_hardware_early
 .text.__initialize_hardware
                0x08000528        0x8 ./system/src/cortexm/_initialize_hardware.o
                0x08000528                __initialize_hardware
 .text.dumpExceptionStack
                0x08000530       0xf4 ./system/src/cortexm/exception_handlers.o
                0x08000530                dumpExceptionStack
 .text.isSemihosting
                0x08000624       0x20 ./system/src/cortexm/exception_handlers.o
                0x08000624                isSemihosting
 .text.SystemInit
                0x08000644       0x40 ./system/src/cmsis/system_stm32f4xx.o
                0x08000644                SystemInit
 .text.SystemCoreClockUpdate
                0x08000684       0x9c ./system/src/cmsis/system_stm32f4xx.o
                0x08000684                SystemCoreClockUpdate
 .text.DMA2_Stream5_IRQHandler
                0x08000720       0x28 ./src/MCAL/MDMA_program.o
                0x08000720                DMA2_Stream5_IRQHandler
 .text.MEXTI_void_InterruptSetPort
                0x08000748       0x34 ./src/MCAL/MEXTI_program.o
                0x08000748                MEXTI_void_InterruptSetPort
 .text.MEXTI_void_Enable
                0x0800077c       0x14 ./src/MCAL/MEXTI_program.o
                0x0800077c                MEXTI_void_Enable
 .text.MEXTI_void_DisableInterrupts
                0x08000790       0x20 ./src/MCAL/MEXTI_program.o
                0x08000790                MEXTI_void_DisableInterrupts
 .text.MEXTI_void_EnableInterrupts
                0x080007b0       0x20 ./src/MCAL/MEXTI_program.o
                0x080007b0                MEXTI_void_EnableInterrupts
 .text.MEXTI_void_InterruptSetTrigger
                0x080007d0       0x58 ./src/MCAL/MEXTI_program.o
                0x080007d0                MEXTI_void_InterruptSetTrigger
 .text.MEXTI0_void_CallbackFunc
                0x08000828        0xc ./src/MCAL/MEXTI_program.o
                0x08000828                MEXTI0_void_CallbackFunc
 .text.MEXTI1_void_CallbackFunc
                0x08000834        0xc ./src/MCAL/MEXTI_program.o
                0x08000834                MEXTI1_void_CallbackFunc
 .text.MEXTI2_void_CallbackFunc
                0x08000840        0xc ./src/MCAL/MEXTI_program.o
                0x08000840                MEXTI2_void_CallbackFunc
 .text.MEXTI3_void_CallbackFunc
                0x0800084c        0xc ./src/MCAL/MEXTI_program.o
                0x0800084c                MEXTI3_void_CallbackFunc
 .text.MEXTI4_void_CallbackFunc
                0x08000858        0xc ./src/MCAL/MEXTI_program.o
                0x08000858                MEXTI4_void_CallbackFunc
 .text.MEXTI5_void_CallbackFunc
                0x08000864        0xc ./src/MCAL/MEXTI_program.o
                0x08000864                MEXTI5_void_CallbackFunc
 .text.MEXTI6_void_CallbackFunc
                0x08000870        0xc ./src/MCAL/MEXTI_program.o
                0x08000870                MEXTI6_void_CallbackFunc
 .text.MEXTI13_void_CallbackFunc
                0x0800087c        0xc ./src/MCAL/MEXTI_program.o
                0x0800087c                MEXTI13_void_CallbackFunc
 .text.EXTI0_IRQHandler
                0x08000888       0x1c ./src/MCAL/MEXTI_program.o
                0x08000888                EXTI0_IRQHandler
 .text.EXTI1_IRQHandler
                0x080008a4       0x1c ./src/MCAL/MEXTI_program.o
                0x080008a4                EXTI1_IRQHandler
 .text.EXTI2_IRQHandler
                0x080008c0       0x1c ./src/MCAL/MEXTI_program.o
                0x080008c0                EXTI2_IRQHandler
 .text.EXTI3_IRQHandler
                0x080008dc       0x1c ./src/MCAL/MEXTI_program.o
                0x080008dc                EXTI3_IRQHandler
 .text.EXTI4_IRQHandler
                0x080008f8       0x1c ./src/MCAL/MEXTI_program.o
                0x080008f8                EXTI4_IRQHandler
 .text.EXTI9_5_IRQHandler
                0x08000914       0x44 ./src/MCAL/MEXTI_program.o
                0x08000914                EXTI9_5_IRQHandler
 .text.EXTI15_10_IRQHandler
                0x08000958       0x28 ./src/MCAL/MEXTI_program.o
                0x08000958                EXTI15_10_IRQHandler
 .text.MGPIO_void_SetMode
                0x08000980       0x70 ./src/MCAL/MGPIO_program.o
                0x08000980                MGPIO_void_SetMode
 .text.MGPIO_void_SetInputPinMode
                0x080009f0       0x70 ./src/MCAL/MGPIO_program.o
                0x080009f0                MGPIO_void_SetInputPinMode
 .text.MGPIO_void_SetPinValue
                0x08000a60       0x8c ./src/MCAL/MGPIO_program.o
                0x08000a60                MGPIO_void_SetPinValue
 .text.MGPIO_void_SetOutputPinMode
                0x08000aec       0xac ./src/MCAL/MGPIO_program.o
                0x08000aec                MGPIO_void_SetOutputPinMode
 .text.MGPIO_void_SetAlternativeFunctionMode
                0x08000b98       0xe4 ./src/MCAL/MGPIO_program.o
                0x08000b98                MGPIO_void_SetAlternativeFunctionMode
 .text.MNVIC_void_Enable
                0x08000c7c       0x24 ./src/MCAL/MNVIC_program.o
                0x08000c7c                MNVIC_void_Enable
 .text.MRCC_void_Init
                0x08000ca0       0x28 ./src/MCAL/MRCC_program.o
                0x08000ca0                MRCC_void_Init
 .text.MRCC_void_EnablePeriperalClock
                0x08000cc8       0x50 ./src/MCAL/MRCC_program.o
                0x08000cc8                MRCC_void_EnablePeriperalClock
 .text.MSTK_voidInit
                0x08000d18       0x18 ./src/MCAL/MSTK_program.o
                0x08000d18                MSTK_voidInit
 .text.MSTK_voidStartTimer
                0x08000d30       0x18 ./src/MCAL/MSTK_program.o
                0x08000d30                MSTK_voidStartTimer
 .text.MSTK_u8ReadFlag
                0x08000d48       0x10 ./src/MCAL/MSTK_program.o
                0x08000d48                MSTK_u8ReadFlag
 .text.MSTK_voidCtrlIntState
                0x08000d58       0x24 ./src/MCAL/MSTK_program.o
                0x08000d58                MSTK_voidCtrlIntState
 .text.MSTK_voidDelayms
                0x08000d7c       0xc0 ./src/MCAL/MSTK_program.o
                0x08000d7c                MSTK_voidDelayms
 .text.SysTick_Handler
                0x08000e3c       0x28 ./src/MCAL/MSTK_program.o
                0x08000e3c                SysTick_Handler
 .text.MUART_void_Init
                0x08000e64       0x48 ./src/MCAL/MUART_program.o
                0x08000e64                MUART_void_Init
 .text.MUART_void_SendData
                0x08000eac       0x20 ./src/MCAL/MUART_program.o
                0x08000eac                MUART_void_SendData
 .text.MUART_u8_RecieveData
                0x08000ecc       0x18 ./src/MCAL/MUART_program.o
                0x08000ecc                MUART_u8_RecieveData
 .text.AHexParser_u8ASCIToHex
                0x08000ee4       0x14 ./src/APP/HexParser/AHexParser_prg.o
                0x08000ee4                AHexParser_u8ASCIToHex
 .text.stop_conection
                0x08000ef8        0xe ./src/APP/main_Project_Transmitter.o
                0x08000ef8                stop_conection
 *fill*         0x08000f06        0x2 
 .text.erase2   0x08000f08       0x2c ./src/APP/main_Project_Transmitter.o
                0x08000f08                erase2
 .text.erase4   0x08000f34       0x2c ./src/APP/main_Project_Transmitter.o
                0x08000f34                erase4
 .text.get_version
                0x08000f60       0x2c ./src/APP/main_Project_Transmitter.o
                0x08000f60                get_version
 .text.Calculate_IntelHex_CRC
                0x08000f8c       0x94 ./src/APP/main_Project_Transmitter.o
                0x08000f8c                Calculate_IntelHex_CRC
 .text.verify_crc1
                0x08001020       0x50 ./src/APP/main_Project_Transmitter.o
                0x08001020                verify_crc1
 .text.verify_crc2
                0x08001070       0x50 ./src/APP/main_Project_Transmitter.o
                0x08001070                verify_crc2
 .text.USART_ParseRecord
                0x080010c0      0x15e ./src/APP/main_Project_Transmitter.o
                0x080010c0                USART_ParseRecord
 *fill*         0x0800121e        0x2 
 .text.tranmitter1
                0x08001220       0x44 ./src/APP/main_Project_Transmitter.o
                0x08001220                tranmitter1
 .text.tranmitter2
                0x08001264       0x44 ./src/APP/main_Project_Transmitter.o
                0x08001264                tranmitter2
 .text.main     0x080012a8      0x1b4 ./src/APP/main_Project_Transmitter.o
                0x080012a8                main
 .text.__errno  0x0800145c        0xc d:/d2/imt sdk/imt sdk/imt_sdk_win_64/imt_sdk_win_64/winarm/armgcc/bin/../lib/gcc/arm-none-eabi/7.2.1/../../../../arm-none-eabi/lib/thumb/v7e-m\libg_nano.a(lib_a-errno.o)
                0x0800145c                __errno
 .text._vsnprintf_r
                0x08001468       0x58 d:/d2/imt sdk/imt sdk/imt_sdk_win_64/imt_sdk_win_64/winarm/armgcc/bin/../lib/gcc/arm-none-eabi/7.2.1/../../../../arm-none-eabi/lib/thumb/v7e-m\libg_nano.a(lib_a-vsnprintf.o)
                0x08001468                _vsniprintf_r
                0x08001468                _vsnprintf_r
 .text.vsnprintf
                0x080014c0       0x1c d:/d2/imt sdk/imt sdk/imt_sdk_win_64/imt_sdk_win_64/winarm/armgcc/bin/../lib/gcc/arm-none-eabi/7.2.1/../../../../arm-none-eabi/lib/thumb/v7e-m\libg_nano.a(lib_a-vsnprintf.o)
                0x080014c0                vsniprintf
                0x080014c0                vsnprintf
 .text.__ssputs_r
                0x080014dc       0xb4 d:/d2/imt sdk/imt sdk/imt_sdk_win_64/imt_sdk_win_64/winarm/armgcc/bin/../lib/gcc/arm-none-eabi/7.2.1/../../../../arm-none-eabi/lib/thumb/v7e-m\libg_nano.a(lib_a-nano-svfprintf.o)
                0x080014dc                __ssputs_r
 .text._svfprintf_r
                0x08001590      0x1ec d:/d2/imt sdk/imt sdk/imt_sdk_win_64/imt_sdk_win_64/winarm/armgcc/bin/../lib/gcc/arm-none-eabi/7.2.1/../../../../arm-none-eabi/lib/thumb/v7e-m\libg_nano.a(lib_a-nano-svfprintf.o)
                0x08001590                _svfiprintf_r
                0x08001590                _svfprintf_r
 .text._printf_common
                0x0800177c       0xea d:/d2/imt sdk/imt sdk/imt_sdk_win_64/imt_sdk_win_64/winarm/armgcc/bin/../lib/gcc/arm-none-eabi/7.2.1/../../../../arm-none-eabi/lib/thumb/v7e-m\libg_nano.a(lib_a-nano-vfprintf_i.o)
                0x0800177c                _printf_common
 *fill*         0x08001866        0x2 
 .text._printf_i
                0x08001868      0x224 d:/d2/imt sdk/imt sdk/imt_sdk_win_64/imt_sdk_win_64/winarm/armgcc/bin/../lib/gcc/arm-none-eabi/7.2.1/../../../../arm-none-eabi/lib/thumb/v7e-m\libg_nano.a(lib_a-nano-vfprintf_i.o)
                0x08001868                _printf_i
 *fill*         0x08001a8c        0x4 
 .text          0x08001a90       0xa0 d:/d2/imt sdk/imt sdk/imt_sdk_win_64/imt_sdk_win_64/winarm/armgcc/bin/../lib/gcc/arm-none-eabi/7.2.1/../../../../arm-none-eabi/lib/thumb/v7e-m\libg_nano.a(lib_a-memchr.o)
                0x08001a90                memchr
 .text.memcpy   0x08001b30       0x16 d:/d2/imt sdk/imt sdk/imt_sdk_win_64/imt_sdk_win_64/winarm/armgcc/bin/../lib/gcc/arm-none-eabi/7.2.1/../../../../arm-none-eabi/lib/thumb/v7e-m\libg_nano.a(lib_a-memcpy-stub.o)
                0x08001b30                memcpy
 .text.memmove  0x08001b46       0x32 d:/d2/imt sdk/imt sdk/imt_sdk_win_64/imt_sdk_win_64/winarm/armgcc/bin/../lib/gcc/arm-none-eabi/7.2.1/../../../../arm-none-eabi/lib/thumb/v7e-m\libg_nano.a(lib_a-memmove.o)
                0x08001b46                memmove
 .text._free_r  0x08001b78       0x9c d:/d2/imt sdk/imt sdk/imt_sdk_win_64/imt_sdk_win_64/winarm/armgcc/bin/../lib/gcc/arm-none-eabi/7.2.1/../../../../arm-none-eabi/lib/thumb/v7e-m\libg_nano.a(lib_a-nano-freer.o)
                0x08001b78                _free_r
 .text._malloc_r
                0x08001c14       0xb4 d:/d2/imt sdk/imt sdk/imt_sdk_win_64/imt_sdk_win_64/winarm/armgcc/bin/../lib/gcc/arm-none-eabi/7.2.1/../../../../arm-none-eabi/lib/thumb/v7e-m\libg_nano.a(lib_a-nano-mallocr.o)
                0x08001c14                _malloc_r
 .text._realloc_r
                0x08001cc8       0x4c d:/d2/imt sdk/imt sdk/imt_sdk_win_64/imt_sdk_win_64/winarm/armgcc/bin/../lib/gcc/arm-none-eabi/7.2.1/../../../../arm-none-eabi/lib/thumb/v7e-m\libg_nano.a(lib_a-nano-reallocr.o)
                0x08001cc8                _realloc_r
 .text._sbrk_r  0x08001d14       0x20 d:/d2/imt sdk/imt sdk/imt_sdk_win_64/imt_sdk_win_64/winarm/armgcc/bin/../lib/gcc/arm-none-eabi/7.2.1/../../../../arm-none-eabi/lib/thumb/v7e-m\libg_nano.a(lib_a-sbrkr.o)
                0x08001d14                _sbrk_r
 .text.__malloc_lock
                0x08001d34        0x2 d:/d2/imt sdk/imt sdk/imt_sdk_win_64/imt_sdk_win_64/winarm/armgcc/bin/../lib/gcc/arm-none-eabi/7.2.1/../../../../arm-none-eabi/lib/thumb/v7e-m\libg_nano.a(lib_a-mlock.o)
                0x08001d34                __malloc_lock
 .text.__malloc_unlock
                0x08001d36        0x2 d:/d2/imt sdk/imt sdk/imt_sdk_win_64/imt_sdk_win_64/winarm/armgcc/bin/../lib/gcc/arm-none-eabi/7.2.1/../../../../arm-none-eabi/lib/thumb/v7e-m\libg_nano.a(lib_a-mlock.o)
                0x08001d36                __malloc_unlock
 .text._malloc_usable_size_r
                0x08001d38       0x10 d:/d2/imt sdk/imt sdk/imt_sdk_win_64/imt_sdk_win_64/winarm/armgcc/bin/../lib/gcc/arm-none-eabi/7.2.1/../../../../arm-none-eabi/lib/thumb/v7e-m\libg_nano.a(lib_a-nano-msizer.o)
                0x08001d38                _malloc_usable_size_r
 *(.rodata .rodata.* .constdata .constdata.*)
 .rodata.dumpExceptionStack.str1.4
                0x08001d48      0x11a ./system/src/cortexm/exception_handlers.o
 *fill*         0x08001e62        0x2 
 .rodata.str1.4
                0x08001e64       0x2a ./system/src/cortexm/exception_handlers.o
 *fill*         0x08001e8e        0x2 
 .rodata.AHBPrescTable
                0x08001e90       0x10 ./system/src/cmsis/system_stm32f4xx.o
                0x08001e90                AHBPrescTable
 .rodata.str1.4
                0x08001ea0     0x67f8 ./src/APP/main_Project_Transmitter.o
 .rodata._svfprintf_r.str1.1
                0x08008698       0x11 d:/d2/imt sdk/imt sdk/imt_sdk_win_64/imt_sdk_win_64/winarm/armgcc/bin/../lib/gcc/arm-none-eabi/7.2.1/../../../../arm-none-eabi/lib/thumb/v7e-m\libg_nano.a(lib_a-nano-svfprintf.o)
 .rodata._printf_i.str1.1
                0x080086a9       0x22 d:/d2/imt sdk/imt sdk/imt_sdk_win_64/imt_sdk_win_64/winarm/armgcc/bin/../lib/gcc/arm-none-eabi/7.2.1/../../../../arm-none-eabi/lib/thumb/v7e-m\libg_nano.a(lib_a-nano-vfprintf_i.o)
 *(vtable)
 *(.eh_frame*)
 *(.glue_7)
 .glue_7        0x080086cb        0x0 linker stubs
 *(.glue_7t)
 .glue_7t       0x080086cb        0x0 linker stubs

.vfp11_veneer   0x080086cc        0x0
 .vfp11_veneer  0x080086cc        0x0 linker stubs

.v4_bx          0x080086cc        0x0
 .v4_bx         0x080086cc        0x0 linker stubs

.iplt           0x080086cc        0x0
 .iplt          0x080086cc        0x0 ./system/src/newlib/_exit.o

.rel.dyn        0x080086cc        0x0
 .rel.iplt      0x080086cc        0x0 ./system/src/newlib/_exit.o

.ARM.extab
 *(.ARM.extab* .gnu.linkonce.armextab.*)
                0x080086cc                . = ALIGN (0x4)
                0x080086cc                __exidx_start = .

.ARM.exidx
 *(.ARM.exidx* .gnu.linkonce.armexidx.*)
                0x080086cc                __exidx_end = .
                0x080086cc                . = ALIGN (0x4)
                0x080086cc                _etext = .
                0x080086cc                __etext = .

.data_CCMRAM    0x10000000        0x0 load address 0x080086cc
 FILL mask 0xff
 *(.data.CCMRAM .data.CCMRAM.*)
                0x10000000                . = ALIGN (0x4)
                0x080086cc                _sidata = LOADADDR (.data)

.data           0x20000000      0xa0c load address 0x080086cc
 FILL mask 0xff
                0x20000000                _sdata = .
                0x20000000                __data_start__ = .
 *(.data_begin .data_begin.*)
 .data_begin    0x20000000        0x4 ./system/src/newlib/_startup.o
 *(.data .data.*)
 .data.argv.4310
                0x20000004        0x8 ./system/src/newlib/_syscalls.o
 .data.SystemCoreClock
                0x2000000c        0x4 ./system/src/cmsis/system_stm32f4xx.o
                0x2000000c                SystemCoreClock
 .data.arr      0x20000010      0x328 ./src/APP/main_Project_Transmitter.o
                0x20000010                arr
 .data.arr2     0x20000338      0x66c ./src/APP/main_Project_Transmitter.o
                0x20000338                arr2
 .data._impure_ptr
                0x200009a4        0x4 d:/d2/imt sdk/imt sdk/imt_sdk_win_64/imt_sdk_win_64/winarm/armgcc/bin/../lib/gcc/arm-none-eabi/7.2.1/../../../../arm-none-eabi/lib/thumb/v7e-m\libg_nano.a(lib_a-impure.o)
                0x200009a4                _impure_ptr
 .data.impure_data
                0x200009a8       0x60 d:/d2/imt sdk/imt sdk/imt_sdk_win_64/imt_sdk_win_64/winarm/armgcc/bin/../lib/gcc/arm-none-eabi/7.2.1/../../../../arm-none-eabi/lib/thumb/v7e-m\libg_nano.a(lib_a-impure.o)
 *(.data_end .data_end.*)
 .data_end      0x20000a08        0x4 ./system/src/newlib/_startup.o
                0x20000a0c                . = ALIGN (0x4)
                0x20000a0c                _edata = .
                0x20000a0c                __data_end__ = .

.igot.plt       0x20000a0c        0x0 load address 0x080090d8
 .igot.plt      0x20000a0c        0x0 ./system/src/newlib/_exit.o

.bss_CCMRAM     0x10000000        0x0
 *(.bss.CCMRAM .bss.CCMRAM.*)

.bss            0x20000a0c      0x104
                0x20000a0c                __bss_start__ = .
                0x20000a0c                _sbss = .
 *(.bss_begin .bss_begin.*)
 .bss_begin     0x20000a0c        0x4 ./system/src/newlib/_startup.o
 *(.bss .bss.*)
 .bss.current_heap_end.3961
                0x20000a10        0x4 ./system/src/newlib/_sbrk.o
 .bss.name.4309
                0x20000a14        0x1 ./system/src/newlib/_syscalls.o
 *fill*         0x20000a15        0x3 
 .bss.buf.5205  0x20000a18       0x80 ./system/src/diag/Trace.o
 .bss.Copy_GLBPtr
                0x20000a98       0x20 ./src/MCAL/MDMA_program.o
 .bss.Copy_GlobalPtr
                0x20000ab8       0x40 ./src/MCAL/MEXTI_program.o
 .bss.systickflag
                0x20000af8        0x1 ./src/MCAL/MSTK_program.o
                0x20000af8                systickflag
 .bss.firstFlag
                0x20000af9        0x1 ./src/APP/main_Project_Transmitter.o
                0x20000af9                firstFlag
 *fill*         0x20000afa        0x2 
 .bss.__malloc_free_list
                0x20000afc        0x4 d:/d2/imt sdk/imt sdk/imt_sdk_win_64/imt_sdk_win_64/winarm/armgcc/bin/../lib/gcc/arm-none-eabi/7.2.1/../../../../arm-none-eabi/lib/thumb/v7e-m\libg_nano.a(lib_a-nano-mallocr.o)
                0x20000afc                __malloc_free_list
 .bss.__malloc_sbrk_start
                0x20000b00        0x4 d:/d2/imt sdk/imt sdk/imt_sdk_win_64/imt_sdk_win_64/winarm/armgcc/bin/../lib/gcc/arm-none-eabi/7.2.1/../../../../arm-none-eabi/lib/thumb/v7e-m\libg_nano.a(lib_a-nano-mallocr.o)
                0x20000b00                __malloc_sbrk_start
 *(COMMON)
 COMMON         0x20000b04        0x4 ./system/src/newlib/_syscalls.o
                0x20000b04                errno
 COMMON         0x20000b08        0x4 ./src/MCAL/MSTK_program.o
                0x20000b08                Global_ptr
 *(.bss_end .bss_end.*)
 .bss_end       0x20000b0c        0x4 ./system/src/newlib/_startup.o
                0x20000b10                . = ALIGN (0x4)
                0x20000b10                __bss_end__ = .
                0x20000b10                _ebss = .

.noinit_CCMRAM
 *(.noinit.CCMRAM .noinit.CCMRAM.*)

.noinit         0x20000b10        0x0
                0x20000b10                _noinit = .
 *(.noinit .noinit.*)
                0x20000b10                . = ALIGN (0x4)
                0x20000b10                _end_noinit = .
                [!provide]                PROVIDE (end, _end_noinit)
                [!provide]                PROVIDE (_end, _end_noinit)
                [!provide]                PROVIDE (__end, _end_noinit)
                [!provide]                PROVIDE (__end__, _end_noinit)

._check_stack   0x20000b10      0x100
                0x20000c10                . = (. + _Minimum_Stack_Size)
 *fill*         0x20000b10      0x100 

.b1text
 *(.b1text)
 *(.b1rodata)
 *(.b1rodata.*)

.eb0text
 *(.eb0text)
 *(.eb0rodata)
 *(.eb0rodata.*)

.eb1text
 *(.eb1text)
 *(.eb1rodata)
 *(.eb1rodata.*)

.eb2text
 *(.eb2text)
 *(.eb2rodata)
 *(.eb2rodata.*)

.eb3text
 *(.eb3text)
 *(.eb3rodata)
 *(.eb3rodata.*)

.stab
 *(.stab)

.stabstr
 *(.stabstr)

.stab.excl
 *(.stab.excl)

.stab.exclstr
 *(.stab.exclstr)

.stab.index
 *(.stab.index)

.stab.indexstr
 *(.stab.indexstr)

.comment        0x00000000       0x7e
 *(.comment)
 .comment       0x00000000       0x7e ./system/src/newlib/_exit.o
                                 0x7f (size before relaxing)
 .comment       0x0000007e       0x7f ./system/src/newlib/_sbrk.o
 .comment       0x0000007e       0x7f ./system/src/newlib/_startup.o
 .comment       0x0000007e       0x7f ./system/src/newlib/_syscalls.o
 .comment       0x0000007e       0x7f ./system/src/diag/Trace.o
 .comment       0x0000007e       0x7f ./system/src/diag/trace_impl.o
 .comment       0x0000007e       0x7f ./system/src/cortexm/_initialize_hardware.o
 .comment       0x0000007e       0x7f ./system/src/cortexm/exception_handlers.o
 .comment       0x0000007e       0x7f ./system/src/cmsis/system_stm32f4xx.o
 .comment       0x0000007e       0x7f ./system/src/cmsis/vectors_stm32f401xc.o
 .comment       0x0000007e       0x7f ./src/MCAL/MDMA_program.o
 .comment       0x0000007e       0x7f ./src/MCAL/MEXTI_program.o
 .comment       0x0000007e       0x7f ./src/MCAL/MGPIO_program.o
 .comment       0x0000007e       0x7f ./src/MCAL/MNVIC_program.o
 .comment       0x0000007e       0x7f ./src/MCAL/MRCC_program.o
 .comment       0x0000007e       0x7f ./src/MCAL/MSTK_program.o
 .comment       0x0000007e       0x7f ./src/MCAL/MUART_program.o
 .comment       0x0000007e       0x7f ./src/APP/HexParser/AHexParser_prg.o
 .comment       0x0000007e       0x7f ./src/APP/main_Project_Transmitter.o

.ARM.attributes
                0x00000000       0x31
 .ARM.attributes
                0x00000000       0x33 ./system/src/newlib/_exit.o
 .ARM.attributes
                0x00000033       0x33 ./system/src/newlib/_sbrk.o
 .ARM.attributes
                0x00000066       0x33 ./system/src/newlib/_startup.o
 .ARM.attributes
                0x00000099       0x33 ./system/src/newlib/_syscalls.o
 .ARM.attributes
                0x000000cc       0x33 ./system/src/diag/Trace.o
 .ARM.attributes
                0x000000ff       0x33 ./system/src/diag/trace_impl.o
 .ARM.attributes
                0x00000132       0x33 ./system/src/cortexm/_initialize_hardware.o
 .ARM.attributes
                0x00000165       0x33 ./system/src/cortexm/exception_handlers.o
 .ARM.attributes
                0x00000198       0x33 ./system/src/cmsis/system_stm32f4xx.o
 .ARM.attributes
                0x000001cb       0x33 ./system/src/cmsis/vectors_stm32f401xc.o
 .ARM.attributes
                0x000001fe       0x33 ./src/MCAL/MDMA_program.o
 .ARM.attributes
                0x00000231       0x33 ./src/MCAL/MEXTI_program.o
 .ARM.attributes
                0x00000264       0x33 ./src/MCAL/MGPIO_program.o
 .ARM.attributes
                0x00000297       0x33 ./src/MCAL/MNVIC_program.o
 .ARM.attributes
                0x000002ca       0x33 ./src/MCAL/MRCC_program.o
 .ARM.attributes
                0x000002fd       0x33 ./src/MCAL/MSTK_program.o
 .ARM.attributes
                0x00000330       0x33 ./src/MCAL/MUART_program.o
 .ARM.attributes
                0x00000363       0x33 ./src/APP/HexParser/AHexParser_prg.o
 .ARM.attributes
                0x00000396       0x33 ./src/APP/main_Project_Transmitter.o
 .ARM.attributes
                0x000003c9       0x2e d:/d2/imt sdk/imt sdk/imt_sdk_win_64/imt_sdk_win_64/winarm/armgcc/bin/../lib/gcc/arm-none-eabi/7.2.1/../../../../arm-none-eabi/lib/thumb/v7e-m\libg_nano.a(lib_a-errno.o)
 .ARM.attributes
                0x000003f7       0x2e d:/d2/imt sdk/imt sdk/imt_sdk_win_64/imt_sdk_win_64/winarm/armgcc/bin/../lib/gcc/arm-none-eabi/7.2.1/../../../../arm-none-eabi/lib/thumb/v7e-m\libg_nano.a(lib_a-impure.o)
 .ARM.attributes
                0x00000425       0x2e d:/d2/imt sdk/imt sdk/imt_sdk_win_64/imt_sdk_win_64/winarm/armgcc/bin/../lib/gcc/arm-none-eabi/7.2.1/../../../../arm-none-eabi/lib/thumb/v7e-m\libg_nano.a(lib_a-vsnprintf.o)
 .ARM.attributes
                0x00000453       0x2e d:/d2/imt sdk/imt sdk/imt_sdk_win_64/imt_sdk_win_64/winarm/armgcc/bin/../lib/gcc/arm-none-eabi/7.2.1/../../../../arm-none-eabi/lib/thumb/v7e-m\libg_nano.a(lib_a-nano-svfprintf.o)
 .ARM.attributes
                0x00000481       0x2e d:/d2/imt sdk/imt sdk/imt_sdk_win_64/imt_sdk_win_64/winarm/armgcc/bin/../lib/gcc/arm-none-eabi/7.2.1/../../../../arm-none-eabi/lib/thumb/v7e-m\libg_nano.a(lib_a-nano-vfprintf_i.o)
 .ARM.attributes
                0x000004af       0x1c d:/d2/imt sdk/imt sdk/imt_sdk_win_64/imt_sdk_win_64/winarm/armgcc/bin/../lib/gcc/arm-none-eabi/7.2.1/../../../../arm-none-eabi/lib/thumb/v7e-m\libg_nano.a(lib_a-memchr.o)
 .ARM.attributes
                0x000004cb       0x2e d:/d2/imt sdk/imt sdk/imt_sdk_win_64/imt_sdk_win_64/winarm/armgcc/bin/../lib/gcc/arm-none-eabi/7.2.1/../../../../arm-none-eabi/lib/thumb/v7e-m\libg_nano.a(lib_a-memcpy-stub.o)
 .ARM.attributes
                0x000004f9       0x2e d:/d2/imt sdk/imt sdk/imt_sdk_win_64/imt_sdk_win_64/winarm/armgcc/bin/../lib/gcc/arm-none-eabi/7.2.1/../../../../arm-none-eabi/lib/thumb/v7e-m\libg_nano.a(lib_a-memmove.o)
 .ARM.attributes
                0x00000527       0x2e d:/d2/imt sdk/imt sdk/imt_sdk_win_64/imt_sdk_win_64/winarm/armgcc/bin/../lib/gcc/arm-none-eabi/7.2.1/../../../../arm-none-eabi/lib/thumb/v7e-m\libg_nano.a(lib_a-nano-freer.o)
 .ARM.attributes
                0x00000555       0x2e d:/d2/imt sdk/imt sdk/imt_sdk_win_64/imt_sdk_win_64/winarm/armgcc/bin/../lib/gcc/arm-none-eabi/7.2.1/../../../../arm-none-eabi/lib/thumb/v7e-m\libg_nano.a(lib_a-nano-mallocr.o)
 .ARM.attributes
                0x00000583       0x2e d:/d2/imt sdk/imt sdk/imt_sdk_win_64/imt_sdk_win_64/winarm/armgcc/bin/../lib/gcc/arm-none-eabi/7.2.1/../../../../arm-none-eabi/lib/thumb/v7e-m\libg_nano.a(lib_a-nano-reallocr.o)
 .ARM.attributes
                0x000005b1       0x2e d:/d2/imt sdk/imt sdk/imt_sdk_win_64/imt_sdk_win_64/winarm/armgcc/bin/../lib/gcc/arm-none-eabi/7.2.1/../../../../arm-none-eabi/lib/thumb/v7e-m\libg_nano.a(lib_a-sbrkr.o)
 .ARM.attributes
                0x000005df       0x2e d:/d2/imt sdk/imt sdk/imt_sdk_win_64/imt_sdk_win_64/winarm/armgcc/bin/../lib/gcc/arm-none-eabi/7.2.1/../../../../arm-none-eabi/lib/thumb/v7e-m\libg_nano.a(lib_a-mlock.o)
 .ARM.attributes
                0x0000060d       0x2e d:/d2/imt sdk/imt sdk/imt_sdk_win_64/imt_sdk_win_64/winarm/armgcc/bin/../lib/gcc/arm-none-eabi/7.2.1/../../../../arm-none-eabi/lib/thumb/v7e-m\libg_nano.a(lib_a-nano-msizer.o)

.debug
 *(.debug)

.line
 *(.line)

.debug_srcinfo
 *(.debug_srcinfo)

.debug_sfnames
 *(.debug_sfnames)

.debug_aranges  0x00000000      0x558
 *(.debug_aranges)
 .debug_aranges
                0x00000000       0x28 ./system/src/newlib/_exit.o
 .debug_aranges
                0x00000028       0x20 ./system/src/newlib/_sbrk.o
 .debug_aranges
                0x00000048       0x40 ./system/src/newlib/_startup.o
 .debug_aranges
                0x00000088       0x30 ./system/src/newlib/_syscalls.o
 .debug_aranges
                0x000000b8       0x38 ./system/src/diag/Trace.o
 .debug_aranges
                0x000000f0       0x30 ./system/src/diag/trace_impl.o
 .debug_aranges
                0x00000120       0x28 ./system/src/cortexm/_initialize_hardware.o
 .debug_aranges
                0x00000148       0x90 ./system/src/cortexm/exception_handlers.o
 .debug_aranges
                0x000001d8       0x28 ./system/src/cmsis/system_stm32f4xx.o
 .debug_aranges
                0x00000200       0x20 ./system/src/cmsis/vectors_stm32f401xc.o
 .debug_aranges
                0x00000220       0x48 ./src/MCAL/MDMA_program.o
 .debug_aranges
                0x00000268       0xc0 ./src/MCAL/MEXTI_program.o
 .debug_aranges
                0x00000328       0x58 ./src/MCAL/MGPIO_program.o
 .debug_aranges
                0x00000380       0x50 ./src/MCAL/MNVIC_program.o
 .debug_aranges
                0x000003d0       0x30 ./src/MCAL/MRCC_program.o
 .debug_aranges
                0x00000400       0x78 ./src/MCAL/MSTK_program.o
 .debug_aranges
                0x00000478       0x40 ./src/MCAL/MUART_program.o
 .debug_aranges
                0x000004b8       0x30 ./src/APP/HexParser/AHexParser_prg.o
 .debug_aranges
                0x000004e8       0x70 ./src/APP/main_Project_Transmitter.o

.debug_pubnames
 *(.debug_pubnames)

.debug_info     0x00000000     0x913a
 *(.debug_info .gnu.linkonce.wi.*)
 .debug_info    0x00000000      0x956 ./system/src/newlib/_exit.o
 .debug_info    0x00000956      0x942 ./system/src/newlib/_sbrk.o
 .debug_info    0x00001298      0x4bf ./system/src/newlib/_startup.o
 .debug_info    0x00001757      0xa19 ./system/src/newlib/_syscalls.o
 .debug_info    0x00002170      0xb2a ./system/src/diag/Trace.o
 .debug_info    0x00002c9a      0xb6b ./system/src/diag/trace_impl.o
 .debug_info    0x00003805      0xade ./system/src/cortexm/_initialize_hardware.o
 .debug_info    0x000042e3     0x115a ./system/src/cortexm/exception_handlers.o
 .debug_info    0x0000543d      0xcfe ./system/src/cmsis/system_stm32f4xx.o
 .debug_info    0x0000613b       0xca ./system/src/cmsis/vectors_stm32f401xc.o
 .debug_info    0x00006205      0x416 ./src/MCAL/MDMA_program.o
 .debug_info    0x0000661b      0x4de ./src/MCAL/MEXTI_program.o
 .debug_info    0x00006af9      0x52e ./src/MCAL/MGPIO_program.o
 .debug_info    0x00007027      0x306 ./src/MCAL/MNVIC_program.o
 .debug_info    0x0000732d      0x2e1 ./src/MCAL/MRCC_program.o
 .debug_info    0x0000760e      0x477 ./src/MCAL/MSTK_program.o
 .debug_info    0x00007a85      0x2ff ./src/MCAL/MUART_program.o
 .debug_info    0x00007d84      0x33a ./src/APP/HexParser/AHexParser_prg.o
 .debug_info    0x000080be     0x107c ./src/APP/main_Project_Transmitter.o

.debug_abbrev   0x00000000     0x1ffd
 *(.debug_abbrev)
 .debug_abbrev  0x00000000      0x1f3 ./system/src/newlib/_exit.o
 .debug_abbrev  0x000001f3      0x1fc ./system/src/newlib/_sbrk.o
 .debug_abbrev  0x000003ef      0x1cb ./system/src/newlib/_startup.o
 .debug_abbrev  0x000005ba      0x234 ./system/src/newlib/_syscalls.o
 .debug_abbrev  0x000007ee      0x276 ./system/src/diag/Trace.o
 .debug_abbrev  0x00000a64      0x2ef ./system/src/diag/trace_impl.o
 .debug_abbrev  0x00000d53      0x1de ./system/src/cortexm/_initialize_hardware.o
 .debug_abbrev  0x00000f31      0x32b ./system/src/cortexm/exception_handlers.o
 .debug_abbrev  0x0000125c      0x216 ./system/src/cmsis/system_stm32f4xx.o
 .debug_abbrev  0x00001472       0x9d ./system/src/cmsis/vectors_stm32f401xc.o
 .debug_abbrev  0x0000150f      0x135 ./src/MCAL/MDMA_program.o
 .debug_abbrev  0x00001644      0x132 ./src/MCAL/MEXTI_program.o
 .debug_abbrev  0x00001776      0x10e ./src/MCAL/MGPIO_program.o
 .debug_abbrev  0x00001884      0x128 ./src/MCAL/MNVIC_program.o
 .debug_abbrev  0x000019ac       0xc2 ./src/MCAL/MRCC_program.o
 .debug_abbrev  0x00001a6e      0x17e ./src/MCAL/MSTK_program.o
 .debug_abbrev  0x00001bec      0x13a ./src/MCAL/MUART_program.o
 .debug_abbrev  0x00001d26      0x11f ./src/APP/HexParser/AHexParser_prg.o
 .debug_abbrev  0x00001e45      0x1b8 ./src/APP/main_Project_Transmitter.o

.debug_line     0x00000000     0x4fea
 *(.debug_line)
 .debug_line    0x00000000      0x37f ./system/src/newlib/_exit.o
 .debug_line    0x0000037f      0x333 ./system/src/newlib/_sbrk.o
 .debug_line    0x000006b2      0x3fb ./system/src/newlib/_startup.o
 .debug_line    0x00000aad      0x455 ./system/src/newlib/_syscalls.o
 .debug_line    0x00000f02      0x3fb ./system/src/diag/Trace.o
 .debug_line    0x000012fd      0xaef ./system/src/diag/trace_impl.o
 .debug_line    0x00001dec      0xa58 ./system/src/cortexm/_initialize_hardware.o
 .debug_line    0x00002844      0xba6 ./system/src/cortexm/exception_handlers.o
 .debug_line    0x000033ea      0xa5e ./system/src/cmsis/system_stm32f4xx.o
 .debug_line    0x00003e48      0x10e ./system/src/cmsis/vectors_stm32f401xc.o
 .debug_line    0x00003f56      0x145 ./src/MCAL/MDMA_program.o
 .debug_line    0x0000409b      0x267 ./src/MCAL/MEXTI_program.o
 .debug_line    0x00004302      0x1b8 ./src/MCAL/MGPIO_program.o
 .debug_line    0x000044ba      0x128 ./src/MCAL/MNVIC_program.o
 .debug_line    0x000045e2       0xfc ./src/MCAL/MRCC_program.o
 .debug_line    0x000046de      0x215 ./src/MCAL/MSTK_program.o
 .debug_line    0x000048f3      0x17f ./src/MCAL/MUART_program.o
 .debug_line    0x00004a72      0x146 ./src/APP/HexParser/AHexParser_prg.o
 .debug_line    0x00004bb8      0x432 ./src/APP/main_Project_Transmitter.o

.debug_frame    0x00000000      0xdd4
 *(.debug_frame)
 .debug_frame   0x00000000       0x38 ./system/src/newlib/_exit.o
 .debug_frame   0x00000038       0x28 ./system/src/newlib/_sbrk.o
 .debug_frame   0x00000060       0x7c ./system/src/newlib/_startup.o
 .debug_frame   0x000000dc       0x50 ./system/src/newlib/_syscalls.o
 .debug_frame   0x0000012c       0x94 ./system/src/diag/Trace.o
 .debug_frame   0x000001c0       0x64 ./system/src/diag/trace_impl.o
 .debug_frame   0x00000224       0x40 ./system/src/cortexm/_initialize_hardware.o
 .debug_frame   0x00000264      0x158 ./system/src/cortexm/exception_handlers.o
 .debug_frame   0x000003bc       0x30 ./system/src/cmsis/system_stm32f4xx.o
 .debug_frame   0x000003ec       0x20 ./system/src/cmsis/vectors_stm32f401xc.o
 .debug_frame   0x0000040c       0x90 ./src/MCAL/MDMA_program.o
 .debug_frame   0x0000049c      0x1a4 ./src/MCAL/MEXTI_program.o
 .debug_frame   0x00000640       0xc4 ./src/MCAL/MGPIO_program.o
 .debug_frame   0x00000704       0xb0 ./src/MCAL/MNVIC_program.o
 .debug_frame   0x000007b4       0x40 ./src/MCAL/MRCC_program.o
 .debug_frame   0x000007f4      0x104 ./src/MCAL/MSTK_program.o
 .debug_frame   0x000008f8       0x7c ./src/MCAL/MUART_program.o
 .debug_frame   0x00000974       0x6c ./src/APP/HexParser/AHexParser_prg.o
 .debug_frame   0x000009e0      0x12c ./src/APP/main_Project_Transmitter.o
 .debug_frame   0x00000b0c       0x20 d:/d2/imt sdk/imt sdk/imt_sdk_win_64/imt_sdk_win_64/winarm/armgcc/bin/../lib/gcc/arm-none-eabi/7.2.1/../../../../arm-none-eabi/lib/thumb/v7e-m\libg_nano.a(lib_a-errno.o)
 .debug_frame   0x00000b2c       0x4c d:/d2/imt sdk/imt sdk/imt_sdk_win_64/imt_sdk_win_64/winarm/armgcc/bin/../lib/gcc/arm-none-eabi/7.2.1/../../../../arm-none-eabi/lib/thumb/v7e-m\libg_nano.a(lib_a-vsnprintf.o)
 .debug_frame   0x00000b78       0x90 d:/d2/imt sdk/imt sdk/imt_sdk_win_64/imt_sdk_win_64/winarm/armgcc/bin/../lib/gcc/arm-none-eabi/7.2.1/../../../../arm-none-eabi/lib/thumb/v7e-m\libg_nano.a(lib_a-nano-svfprintf.o)
 .debug_frame   0x00000c08       0x60 d:/d2/imt sdk/imt sdk/imt_sdk_win_64/imt_sdk_win_64/winarm/armgcc/bin/../lib/gcc/arm-none-eabi/7.2.1/../../../../arm-none-eabi/lib/thumb/v7e-m\libg_nano.a(lib_a-nano-vfprintf_i.o)
 .debug_frame   0x00000c68       0x28 d:/d2/imt sdk/imt sdk/imt_sdk_win_64/imt_sdk_win_64/winarm/armgcc/bin/../lib/gcc/arm-none-eabi/7.2.1/../../../../arm-none-eabi/lib/thumb/v7e-m\libg_nano.a(lib_a-memcpy-stub.o)
 .debug_frame   0x00000c90       0x28 d:/d2/imt sdk/imt sdk/imt_sdk_win_64/imt_sdk_win_64/winarm/armgcc/bin/../lib/gcc/arm-none-eabi/7.2.1/../../../../arm-none-eabi/lib/thumb/v7e-m\libg_nano.a(lib_a-memmove.o)
 .debug_frame   0x00000cb8       0x38 d:/d2/imt sdk/imt sdk/imt_sdk_win_64/imt_sdk_win_64/winarm/armgcc/bin/../lib/gcc/arm-none-eabi/7.2.1/../../../../arm-none-eabi/lib/thumb/v7e-m\libg_nano.a(lib_a-nano-freer.o)
 .debug_frame   0x00000cf0       0x2c d:/d2/imt sdk/imt sdk/imt_sdk_win_64/imt_sdk_win_64/winarm/armgcc/bin/../lib/gcc/arm-none-eabi/7.2.1/../../../../arm-none-eabi/lib/thumb/v7e-m\libg_nano.a(lib_a-nano-mallocr.o)
 .debug_frame   0x00000d1c       0x3c d:/d2/imt sdk/imt sdk/imt_sdk_win_64/imt_sdk_win_64/winarm/armgcc/bin/../lib/gcc/arm-none-eabi/7.2.1/../../../../arm-none-eabi/lib/thumb/v7e-m\libg_nano.a(lib_a-nano-reallocr.o)
 .debug_frame   0x00000d58       0x2c d:/d2/imt sdk/imt sdk/imt_sdk_win_64/imt_sdk_win_64/winarm/armgcc/bin/../lib/gcc/arm-none-eabi/7.2.1/../../../../arm-none-eabi/lib/thumb/v7e-m\libg_nano.a(lib_a-sbrkr.o)
 .debug_frame   0x00000d84       0x30 d:/d2/imt sdk/imt sdk/imt_sdk_win_64/imt_sdk_win_64/winarm/armgcc/bin/../lib/gcc/arm-none-eabi/7.2.1/../../../../arm-none-eabi/lib/thumb/v7e-m\libg_nano.a(lib_a-mlock.o)
 .debug_frame   0x00000db4       0x20 d:/d2/imt sdk/imt sdk/imt_sdk_win_64/imt_sdk_win_64/winarm/armgcc/bin/../lib/gcc/arm-none-eabi/7.2.1/../../../../arm-none-eabi/lib/thumb/v7e-m\libg_nano.a(lib_a-nano-msizer.o)

.debug_str      0x00000000    0x73e72
 *(.debug_str)
 .debug_str     0x00000000     0x7d0c ./system/src/newlib/_exit.o
                               0x7ee5 (size before relaxing)
 .debug_str     0x00007d0c      0x4f5 ./system/src/newlib/_sbrk.o
                               0x7297 (size before relaxing)
 .debug_str     0x00008201      0xc23 ./system/src/newlib/_startup.o
                               0x6a38 (size before relaxing)
 .debug_str     0x00008e24      0xe8b ./system/src/newlib/_syscalls.o
                               0x8172 (size before relaxing)
 .debug_str     0x00009caf      0x826 ./system/src/diag/Trace.o
                               0x865d (size before relaxing)
 .debug_str     0x0000a4d5    0x67a2e ./system/src/diag/trace_impl.o
                              0x70983 (size before relaxing)
 .debug_str     0x00071f03       0xc4 ./system/src/cortexm/_initialize_hardware.o
                              0x6f715 (size before relaxing)
 .debug_str     0x00071fc7      0x1a6 ./system/src/cortexm/exception_handlers.o
                              0x70b0d (size before relaxing)
 .debug_str     0x0007216d      0x164 ./system/src/cmsis/system_stm32f4xx.o
                              0x6f7f6 (size before relaxing)
 .debug_str     0x000722d1       0x59 ./system/src/cmsis/vectors_stm32f401xc.o
                               0x3875 (size before relaxing)
 .debug_str     0x0007232a      0x46e ./src/MCAL/MDMA_program.o
                               0x321c (size before relaxing)
 .debug_str     0x00072798      0x4a7 ./src/MCAL/MEXTI_program.o
                               0x3379 (size before relaxing)
 .debug_str     0x00072c3f      0x45c ./src/MCAL/MGPIO_program.o
                               0x3339 (size before relaxing)
 .debug_str     0x0007309b      0x29e ./src/MCAL/MNVIC_program.o
                               0x3171 (size before relaxing)
 .debug_str     0x00073339      0x43e ./src/MCAL/MRCC_program.o
                               0x33b9 (size before relaxing)
 .debug_str     0x00073777      0x2ec ./src/MCAL/MSTK_program.o
                               0x31c6 (size before relaxing)
 .debug_str     0x00073a63       0xf7 ./src/MCAL/MUART_program.o
                               0x307f (size before relaxing)
 .debug_str     0x00073b5a      0x1b8 ./src/APP/HexParser/AHexParser_prg.o
                               0x3089 (size before relaxing)
 .debug_str     0x00073d12      0x160 ./src/APP/main_Project_Transmitter.o
                               0x3841 (size before relaxing)

.debug_loc      0x00000000     0x22a2
 *(.debug_loc)
 .debug_loc     0x00000000       0x85 ./system/src/newlib/_sbrk.o
 .debug_loc     0x00000085      0x2cb ./system/src/newlib/_startup.o
 .debug_loc     0x00000350       0x63 ./system/src/newlib/_syscalls.o
 .debug_loc     0x000003b3       0xf6 ./system/src/diag/Trace.o
 .debug_loc     0x000004a9      0x121 ./system/src/diag/trace_impl.o
 .debug_loc     0x000005ca      0x291 ./system/src/cortexm/exception_handlers.o
 .debug_loc     0x0000085b      0x13e ./system/src/cmsis/system_stm32f4xx.o
 .debug_loc     0x00000999      0x17e ./src/MCAL/MEXTI_program.o
 .debug_loc     0x00000b17      0x854 ./src/MCAL/MGPIO_program.o
 .debug_loc     0x0000136b      0x1fe ./src/MCAL/MNVIC_program.o
 .debug_loc     0x00001569      0x1b0 ./src/MCAL/MRCC_program.o
 .debug_loc     0x00001719      0x38d ./src/MCAL/MSTK_program.o
 .debug_loc     0x00001aa6       0xe2 ./src/MCAL/MUART_program.o
 .debug_loc     0x00001b88      0x217 ./src/APP/HexParser/AHexParser_prg.o
 .debug_loc     0x00001d9f      0x503 ./src/APP/main_Project_Transmitter.o

.debug_macinfo
 *(.debug_macinfo)

.debug_weaknames
 *(.debug_weaknames)

.debug_funcnames
 *(.debug_funcnames)

.debug_typenames
 *(.debug_typenames)

.debug_varnames
 *(.debug_varnames)
OUTPUT(TransmitterHost.elf elf32-littlearm)

.debug_ranges   0x00000000      0x4d8
 .debug_ranges  0x00000000       0x18 ./system/src/newlib/_exit.o
 .debug_ranges  0x00000018       0x10 ./system/src/newlib/_sbrk.o
 .debug_ranges  0x00000028       0x90 ./system/src/newlib/_startup.o
 .debug_ranges  0x000000b8       0x20 ./system/src/newlib/_syscalls.o
 .debug_ranges  0x000000d8       0x28 ./system/src/diag/Trace.o
 .debug_ranges  0x00000100       0x50 ./system/src/diag/trace_impl.o
 .debug_ranges  0x00000150       0x18 ./system/src/cortexm/_initialize_hardware.o
 .debug_ranges  0x00000168       0x80 ./system/src/cortexm/exception_handlers.o
 .debug_ranges  0x000001e8       0x18 ./system/src/cmsis/system_stm32f4xx.o
 .debug_ranges  0x00000200       0x10 ./system/src/cmsis/vectors_stm32f401xc.o
 .debug_ranges  0x00000210       0x38 ./src/MCAL/MDMA_program.o
 .debug_ranges  0x00000248       0xb0 ./src/MCAL/MEXTI_program.o
 .debug_ranges  0x000002f8       0x48 ./src/MCAL/MGPIO_program.o
 .debug_ranges  0x00000340       0x40 ./src/MCAL/MNVIC_program.o
 .debug_ranges  0x00000380       0x20 ./src/MCAL/MRCC_program.o
 .debug_ranges  0x000003a0       0x68 ./src/MCAL/MSTK_program.o
 .debug_ranges  0x00000408       0x30 ./src/MCAL/MUART_program.o
 .debug_ranges  0x00000438       0x20 ./src/APP/HexParser/AHexParser_prg.o
 .debug_ranges  0x00000458       0x80 ./src/APP/main_Project_Transmitter.o

.debug_macro    0x00000000     0x3871
 .debug_macro   0x00000000      0x1b4 ./system/src/newlib/_exit.o
 .debug_macro   0x000001b4      0x10e ./system/src/newlib/_exit.o
 .debug_macro   0x000002c2       0x8d ./system/src/newlib/_exit.o
 .debug_macro   0x0000034f       0x35 ./system/src/newlib/_exit.o
 .debug_macro   0x00000384      0x169 ./system/src/newlib/_sbrk.o
 .debug_macro   0x000004ed      0x174 ./system/src/newlib/_sbrk.o
 .debug_macro   0x00000661       0x10 ./system/src/newlib/_sbrk.o
 .debug_macro   0x00000671      0x23b ./system/src/newlib/_sbrk.o
 .debug_macro   0x000008ac      0x173 ./system/src/newlib/_startup.o
 .debug_macro   0x00000a1f      0xa72 ./system/src/newlib/_startup.o
 .debug_macro   0x00001491      0x217 ./system/src/newlib/_syscalls.o
 .debug_macro   0x000016a8       0x1c ./system/src/newlib/_syscalls.o
 .debug_macro   0x000016c4       0x10 ./system/src/newlib/_syscalls.o
 .debug_macro   0x000016d4       0x10 ./system/src/newlib/_syscalls.o
 .debug_macro   0x000016e4       0x10 ./system/src/newlib/_syscalls.o
 .debug_macro   0x000016f4       0x35 ./system/src/newlib/_syscalls.o
 .debug_macro   0x00001729      0x122 ./system/src/newlib/_syscalls.o
 .debug_macro   0x0000184b       0x88 ./system/src/newlib/_syscalls.o
 .debug_macro   0x000018d3       0x2b ./system/src/newlib/_syscalls.o
 .debug_macro   0x000018fe      0x118 ./system/src/newlib/_syscalls.o
 .debug_macro   0x00001a16      0x189 ./system/src/newlib/_syscalls.o
 .debug_macro   0x00001b9f       0x16 ./system/src/newlib/_syscalls.o
 .debug_macro   0x00001bb5      0x1fb ./system/src/diag/Trace.o
 .debug_macro   0x00001db0       0x4c ./system/src/diag/Trace.o
 .debug_macro   0x00001dfc       0x16 ./system/src/diag/Trace.o
 .debug_macro   0x00001e12      0x52a ./system/src/diag/trace_impl.o
 .debug_macro   0x0000233c       0x22 ./system/src/diag/trace_impl.o
 .debug_macro   0x0000235e      0x4ee ./system/src/cortexm/_initialize_hardware.o
 .debug_macro   0x0000284c      0x557 ./system/src/cortexm/exception_handlers.o
 .debug_macro   0x00002da3       0x3b ./system/src/cortexm/exception_handlers.o
 .debug_macro   0x00002dde      0x4ea ./system/src/cmsis/system_stm32f4xx.o
 .debug_macro   0x000032c8       0x34 ./system/src/cmsis/vectors_stm32f401xc.o
 .debug_macro   0x000032fc       0x3f ./src/MCAL/MDMA_program.o
 .debug_macro   0x0000333b       0x22 ./src/MCAL/MDMA_program.o
 .debug_macro   0x0000335d       0x28 ./src/MCAL/MDMA_program.o
 .debug_macro   0x00003385       0x6a ./src/MCAL/MDMA_program.o
 .debug_macro   0x000033ef       0x28 ./src/MCAL/MDMA_program.o
 .debug_macro   0x00003417       0x40 ./src/MCAL/MEXTI_program.o
 .debug_macro   0x00003457       0x2e ./src/MCAL/MEXTI_program.o
 .debug_macro   0x00003485       0x36 ./src/MCAL/MGPIO_program.o
 .debug_macro   0x000034bb       0x40 ./src/MCAL/MGPIO_program.o
 .debug_macro   0x000034fb       0x36 ./src/MCAL/MNVIC_program.o
 .debug_macro   0x00003531       0x28 ./src/MCAL/MNVIC_program.o
 .debug_macro   0x00003559       0x3e ./src/MCAL/MRCC_program.o
 .debug_macro   0x00003597       0x16 ./src/MCAL/MRCC_program.o
 .debug_macro   0x000035ad       0xd0 ./src/MCAL/MRCC_program.o
 .debug_macro   0x0000367d       0x6a ./src/MCAL/MRCC_program.o
 .debug_macro   0x000036e7       0x3f ./src/MCAL/MSTK_program.o
 .debug_macro   0x00003726       0x10 ./src/MCAL/MSTK_program.o
 .debug_macro   0x00003736       0x40 ./src/MCAL/MSTK_program.o
 .debug_macro   0x00003776       0x4a ./src/MCAL/MUART_program.o
 .debug_macro   0x000037c0       0x36 ./src/APP/HexParser/AHexParser_prg.o
 .debug_macro   0x000037f6       0x7b ./src/APP/main_Project_Transmitter.o
